// Jest Snapshot v1, https://goo.gl/fbAQLP

exports[`InstHistorikkView renders correctly 1`] = `
<DocumentFragment>
  <div
    class="arbeidsforhold__disclaimer"
  >
    <div
      class="navds-alert navds-alert--info navds-alert--medium"
    >
      <svg
        aria-labelledby="title-r0"
        class="navds-alert__icon"
        fill="none"
        focusable="false"
        height="1em"
        role="img"
        viewBox="0 0 24 24"
        width="1em"
        xmlns="http://www.w3.org/2000/svg"
      >
        <title
          id="title-r0"
        >
          Informasjon
        </title>
        <path
          clip-rule="evenodd"
          d="M3.25 4A.75.75 0 0 1 4 3.25h16a.75.75 0 0 1 .75.75v16a.75.75 0 0 1-.75.75H4a.75.75 0 0 1-.75-.75V4ZM11 7.75a1 1 0 1 1 2 0 1 1 0 0 1-2 0Zm-1.25 3a.75.75 0 0 1 .75-.75H12a.75.75 0 0 1 .75.75v4.75h.75a.75.75 0 0 1 0 1.5h-3a.75.75 0 0 1 0-1.5h.75v-4h-.75a.75.75 0 0 1-.75-.75Z"
          fill="currentColor"
          fill-rule="evenodd"
        />
      </svg>
      <div
        class="navds-alert__wrapper navds-body-long navds-body-long--medium"
      >
        <p
          class="navds-body-long navds-body-long--medium"
        >
          Her kan du se opplysninger om opphold på alders- og sykehjem, helseinstitusjoner og fengsel fra 1.januar 2017. Oppdager du feil, må du kontakte institusjonen direkte.
        </p>
      </div>
    </div>
    <div
      class="inst__tabell"
    >
      <div
        class="historikk__flex-rad inst__head"
      >
        <div
          class="historikk__flex-kolonne"
        >
          <p
            class="navds-label"
          >
            Periode
          </p>
        </div>
        <div
          class="historikk__flex-kolonne"
        >
          <p
            class="navds-label"
          >
            Institusjon
          </p>
        </div>
      </div>
      <div>
        <div
          class="historikk__flex-rad"
          style="transition-delay: 50ms; font-weight: normal;"
        >
          <div
            class="historikk__flex-kolonne historikk__heading"
          >
            <p
              class="navds-body-short navds-body-short--medium"
            >
              29.12.2017 - 17.12.2018
            </p>
          </div>
          <div
            class="historikk__flex-kolonne"
          >
            <div />
          </div>
        </div>
        <div
          class="historikk__flex-rad"
          style="transition-delay: 65ms; font-weight: normal;"
        >
          <div
            class="historikk__flex-kolonne historikk__heading"
          >
            <p
              class="navds-body-short navds-body-short--medium"
            >
              29.12.2017 - 20.12.2020
            </p>
            <div
              class="customHelpText"
            >
              <button
                class="customHelpText__help-button navds-button navds-button--tertiary navds-button--medium"
                type="button"
              >
                <span
                  class="navds-label"
                >
                  <svg
                    aria-hidden="true"
                    class="customHelpText__icon"
                    fill="none"
                    focusable="false"
                    height="1em"
                    role="img"
                    viewBox="0 0 24 24"
                    width="1em"
                    xmlns="http://www.w3.org/2000/svg"
                  >
                    <path
                      clip-rule="evenodd"
                      d="M9.75 9A2.25 2.25 0 0 1 12 6.75h.172a2.078 2.078 0 0 1 1.47 3.548l-1 1a4.75 4.75 0 0 0-1.392 3.359.75.75 0 0 0 1.5 0c0-.862.342-1.689.952-2.298l1-1a3.579 3.579 0 0 0-2.53-6.109H12A3.75 3.75 0 0 0 8.25 9v.5a.75.75 0 0 0 1.5 0V9ZM12 16.5a1 1 0 1 0 0 2 1 1 0 0 0 0-2Z"
                      fill="currentColor"
                      fill-rule="evenodd"
                    />
                  </svg>
                </span>
              </button>
              <div
                aria-hidden="true"
                class="navds-popover customHelpText__popover navds-popover--hidden"
                data-placement="top"
                style="position: absolute; top: 0px; left: 0px;"
              >
                <div
                  class="navds-popover__content"
                >
                  Sluttdato for oppholdet er ikke mottatt. NAV har avsluttet oppholdet maskinelt.
                </div>
                <div
                  class="navds-popover__arrow"
                  style="bottom: -0.5rem;"
                />
              </div>
            </div>
          </div>
          <div
            class="historikk__flex-kolonne"
          >
            <div />
          </div>
        </div>
        <div
          class="historikk__flex-rad"
          style="transition-delay: 80ms; font-weight: normal;"
        >
          <div
            class="historikk__flex-kolonne historikk__heading"
          >
            <p
              class="navds-body-short navds-body-short--medium"
            >
              13.06.2017 - 15.09.2017
            </p>
          </div>
          <div
            class="historikk__flex-kolonne"
          >
            <div />
          </div>
        </div>
      </div>
    </div>
    <div
      class="inst__kilde"
    >
      <div
        class="kilde__container"
      >
        <div
          class="kilde__tekst"
        >
          <p
            class="navds-detail"
          >
            Kilde: Den enkelte institusjon
          </p>
        </div>
      </div>
    </div>
  </div>
</DocumentFragment>
`;
