// Jest Snapshot v1, https://goo.gl/fbAQLP

exports[`Tabell renders correctly 1`] = `
<div
  className="arbeidsforhold__disclaimer"
>
  <div
    className="alertstripe alertstripe--info"
  >
    <span
      className="alertstripe__ikon"
    >
      <span
        className="sr-only"
      >
        info
      </span>
      <svg
        aria-label="info-ikon"
        focusable="false"
        height="1.5em"
        kind="info-sirkel-fyll"
        role="img"
        viewBox="0 0 24 24"
        width="1.5em"
      >
        <g
          fill="none"
        >
          <path
            d="M12 0C5.382 0 0 5.382 0 12s5.382 12 12 12c6.617 0 12-5.382 12-12S18.617 0 12 0z"
            fill="#337C9B"
          />
          <path
            d="M12 5a1.566 1.566 0 1 1 .11 3.13A1.566 1.566 0 0 1 12 5zm2.976 12.01c.563 0 1.043.431 1.043.991s-.48.992-1.043.992H9.39c-.564 0-1.043-.431-1.043-.992 0-.56.479-.99 1.043-.99h1.6v-5.016h-.986c-.565 0-1.044-.43-1.044-.991 0-.56.48-.991 1.044-.991h2.03c.563 0 1.043.43 1.043.99v6.007h1.899z"
            fill="#FFF"
          />
        </g>
      </svg>
    </span>
    <div
      className="typo-normal alertstripe__tekst"
    >
      <p
        className="typo-normal"
      >
        Her kan du se opplysninger om opphold på alders- og sykehjem, helseinstitusjoner og fengsel fra 1.januar 2017. Oppdager du feil, må du kontakte institusjonen direkte.
      </p>
    </div>
  </div>
  <div
    className="inst__tabell"
  >
    <div
      className="historikk__flex-rad inst__head"
    >
      <div
        className="historikk__flex-kolonne"
      >
        <p
          className="typo-element"
        >
          Periode
        </p>
      </div>
      <div
        className="historikk__flex-kolonne"
      >
        <p
          className="typo-element"
        >
          Institusjon
        </p>
      </div>
    </div>
    <div>
      <div
        className="historikk__flex-rad"
        style={
          Object {
            "fontWeight": "normal",
            "transitionDelay": "50ms",
          }
        }
      >
        <div
          className="historikk__flex-kolonne historikk__heading"
        >
          <time
            dateTime={"2017-12-28T23:00:00.000Z"}
          >
            29.12.2017
          </time>
           - 
          <time
            dateTime={"2018-12-16T23:00:00.000Z"}
          >
            17.12.2018
          </time>
        </div>
        <div
          className="historikk__flex-kolonne"
        >
          <div />
        </div>
      </div>
      <div
        className="historikk__flex-rad"
        style={
          Object {
            "fontWeight": "normal",
            "transitionDelay": "65ms",
          }
        }
      >
        <div
          className="historikk__flex-kolonne historikk__heading"
        >
          <time
            dateTime={"2017-12-28T23:00:00.000Z"}
          >
            29.12.2017
          </time>
           - 
          <time
            dateTime={"2020-12-19T23:00:00.000Z"}
          >
            20.12.2020
          </time>
        </div>
        <div
          className="historikk__flex-kolonne"
        >
          <div />
        </div>
      </div>
      <div
        className="historikk__flex-rad"
        style={
          Object {
            "fontWeight": "normal",
            "transitionDelay": "80ms",
          }
        }
      >
        <div
          className="historikk__flex-kolonne historikk__heading"
        >
          <time
            dateTime={"2017-06-12T22:00:00.000Z"}
          >
            13.06.2017
          </time>
           - 
          <time
            dateTime={"2017-09-14T22:00:00.000Z"}
          >
            15.09.2017
          </time>
        </div>
        <div
          className="historikk__flex-kolonne"
        >
          <div />
        </div>
      </div>
    </div>
  </div>
  <div
    className="inst__kilde"
  >
    <div
      className="kilde__container"
    >
      <div
        className="kilde__tekst"
      >
        <p
          className="typo-undertekst"
        >
          Kilde: Den enkelte institusjon
        </p>
      </div>
    </div>
  </div>
</div>
`;
