// Jest Snapshot v1, https://goo.gl/fbAQLP

exports[`DittNavKontor renders correctly 1`] = `
<DocumentFragment>
  <div
    class="box__wrapper"
    id="ditt-nav-kontor"
  >
    <div
      class="nav-veilederpanel nav-veilederpanel--kompakt nav-veilederpanel--plakat"
    >
      <div
        class="nav-veileder nav-veileder--flytende"
      >
        <div
          class="nav-veileder__frame nav-veileder__frame--m"
        >
          <img
            alt="Veileder"
            class="box__ikon"
            src="DittNavKontor.svg"
          />
        </div>
      </div>
      <div
        class="nav-veilederpanel__content"
      >
        <div
          class="box__container"
        >
          <div
            class="box__header"
          >
            <div
              class="box__title-container"
            >
              <div
                class="box__line"
              />
              <h2
                class="typo-systemtittel box__title"
              >
                Ditt NAV-kontor
              </h2>
              <button
                aria-label="Informasjonstekst"
                aria-pressed="false"
                class="infotekst__title-i-button"
                title="Informasjon"
              >
                <img
                  alt="Vis mer informasjon"
                  class="infotekst__title-i-icon"
                  src="Informasjonstekst.svg"
                />
              </button>
              <div
                class="box__line"
              />
            </div>
            <a
              class="lenke anchor-link"
              href="#ditt-nav-kontor"
            >
              <img
                alt=""
                src="AnchorLink.svg"
              />
              Lenke hit
            </a>
          </div>
          <div
            class="box__content"
          >
            <div
              class="dittnavkontor__header"
            >
              <div
                class="dittnavkontor__ingress"
              >
                <p
                  class="typo-normal"
                >
                  Ditt kontor er 
                </p>
                <p
                  class="typo-element"
                >
                  NAV Halden-Aremark
                </p>
              </div>
              <div
                class="skjemaelement"
              >
                <div
                  class="selectContainer input--fullbredde"
                >
                  <select
                    aria-invalid="false"
                    class="skjemaelement__input"
                    id="Mocked UUID"
                  >
                    <option
                      value="-1"
                    >
                      Publikumsmottak for NAV Halden-Aremark
                    </option>
                    <option
                      value="0"
                    >
                      HALDEN - Storgata 8, 1771 HALDEN
                    </option>
                    <option
                      value="1"
                    >
                      AREMARK - Aremark Rådhus , 1798 AREMARK
                    </option>
                  </select>
                </div>
              </div>
              <div
                class="dittnavkontor__adresser"
              >
                <div
                  class="dittnavkontor__postadresse"
                >
                  <p
                    class="typo-element"
                  >
                    Postadresse
                  </p>
                  <p
                    class="typo-normal"
                  >
                    Postboks 56 
                  </p>
                  <p
                    class="typo-normal"
                  >
                    1751 HALDEN
                  </p>
                </div>
                <div
                  class="dittnavkontor__publikumsmottak"
                >
                  <p
                    class="typo-element"
                  >
                    Publikumsmottak
                  </p>
                  <p
                    class="typo-normal"
                  >
                    Storgata 8
                  </p>
                  <p
                    class="typo-normal"
                  >
                    1771 HALDEN
                  </p>
                </div>
              </div>
            </div>
            <div>
              <p
                class="typo-element"
              >
                Åpningstider
              </p>
              <div
                class="apningstid__container"
              >
                <div
                  class="apningstid__row"
                >
                  <div
                    class="apningstid__column apningstid__dag"
                  >
                    Mandag
                  </div>
                  <div
                    class="apningstid__column apningstid__tidspunkt"
                  >
                    12:00 - 14:30
                  </div>
                  <div
                    class="apningstid__column apningstid__kommentar"
                  >
                    Timeavtaler i tidsrommet 09.00 - 14.30
                  </div>
                </div>
                <div
                  class="apningstid__row"
                >
                  <div
                    class="apningstid__column apningstid__dag"
                  >
                    Tirsdag
                  </div>
                  <div
                    class="apningstid__column apningstid__tidspunkt"
                  >
                    12:00 - 14:30
                  </div>
                  <div
                    class="apningstid__column apningstid__kommentar"
                  >
                    Timeavtaler i tidsrommet 09.00 - 14.30
                  </div>
                </div>
                <div
                  class="apningstid__row"
                >
                  <div
                    class="apningstid__column apningstid__dag"
                  >
                    Onsdag
                  </div>
                  <div
                    class="apningstid__column apningstid__tidspunkt"
                  >
                    12:00 - 14:30
                  </div>
                  <div
                    class="apningstid__column apningstid__kommentar"
                  >
                    Timeavtaler i tidsrommet 09.00 - 14.30
                  </div>
                </div>
                <div
                  class="apningstid__row"
                >
                  <div
                    class="apningstid__column apningstid__dag"
                  >
                    Torsdag
                  </div>
                  <div
                    class="apningstid__column apningstid__tidspunkt"
                  >
                    12:00 - 14:30
                  </div>
                  <div
                    class="apningstid__column apningstid__kommentar"
                  >
                    Timeavtaler i tidsrommet 09.00 - 14.30
                  </div>
                </div>
                <div
                  class="apningstid__row"
                >
                  <div
                    class="apningstid__column apningstid__dag"
                  >
                    Fredag
                  </div>
                  <div
                    class="apningstid__column apningstid__tidspunkt"
                  >
                    12:00 - 14:30
                  </div>
                  <div
                    class="apningstid__column apningstid__kommentar"
                  >
                    Timeavtaler i tidsrommet 09.00 - 14.30
                  </div>
                </div>
              </div>
            </div>
            <ul
              class="dittnavkontor__footer list-column-2"
            >
              <li>
                <div
                  class="listelement__header"
                >
                  <p
                    class="typo-element"
                  >
                    Kontakt NAV
                  </p>
                </div>
                <div
                  class="content "
                >
                  <a
                    class="lenke"
                    href="/person/kontakt-oss/nb/"
                  >
                    Gå til kontaktinformasjon
                  </a>
                </div>
              </li>
            </ul>
            <div
              class="kilde__container"
            >
              <div
                class="kilde__tekst"
              >
                <p
                  class="typo-undertekst"
                >
                  Kilde: NAV
                </p>
              </div>
            </div>
          </div>
        </div>
      </div>
    </div>
  </div>
</DocumentFragment>
`;
