// Vitest Snapshot v1, https://vitest.dev/guide/snapshot.html

exports[`DittNavKontor > renders correctly 1`] = `
<DocumentFragment>
  <div
    class="box__wrapper"
    id="ditt-nav-kontor"
  >
    <div
      class="navds-guide-panel navds-guide-panel--poster"
    >
      <div
        class="navds-guide"
      >
        <img
          alt=""
          class="box__ikon"
          src="/src/assets/img/DittNavKontor.svg"
        />
      </div>
      <div
        class="navds-guide-panel__content"
      >
        <div
          class="box__container"
        >
          <div
            class="box__header"
          >
            <div
              class="box__title-container"
            >
              <div
                class="box__line"
              />
              <h2
                class="box__title navds-heading navds-heading--medium"
              >
                Ditt NAV-kontor
              </h2>
              <button
                aria-label="Les mer om denne seksjonen."
                aria-pressed="false"
                class="infotekst__title-i-button"
              >
                <svg
                  aria-hidden="true"
                  class="infotekst__title-i-icon"
                  fill="none"
                  focusable="false"
                  height="1em"
                  role="img"
                  viewBox="0 0 24 24"
                  width="1em"
                  xmlns="http://www.w3.org/2000/svg"
                >
                  <path
                    clip-rule="evenodd"
                    d="M12 5.5a1 1 0 1 0 0 2 1 1 0 0 0 0-2m-2.75 4a.75.75 0 0 1 .75-.75h2a.75.75 0 0 1 .75.75v7.25H14a.75.75 0 0 1 0 1.5h-4a.75.75 0 0 1 0-1.5h1.25v-6.5H10a.75.75 0 0 1-.75-.75"
                    fill="currentColor"
                    fill-rule="evenodd"
                  />
                </svg>
              </button>
              <dialog
                aria-labelledby=":r0:"
                class="navds-modal infotekst__modal navds-modal--polyfilled navds-modal--autowidth"
                role="dialog"
              >
                <div
                  class="navds-modal__header"
                >
                  <button
                    class="navds-modal__button navds-button navds-button--tertiary-neutral navds-button--small navds-button--icon-only"
                    type="button"
                  >
                    <span
                      class="navds-button__icon"
                    >
                      <svg
                        aria-labelledby="title-r4"
                        fill="none"
                        focusable="false"
                        height="1em"
                        role="img"
                        viewBox="0 0 24 24"
                        width="1em"
                        xmlns="http://www.w3.org/2000/svg"
                      >
                        <title
                          id="title-r4"
                        >
                          Lukk
                        </title>
                        <path
                          d="M6.53 5.47a.75.75 0 0 0-1.06 1.06L10.94 12l-5.47 5.47a.75.75 0 1 0 1.06 1.06L12 13.06l5.47 5.47a.75.75 0 1 0 1.06-1.06L13.06 12l5.47-5.47a.75.75 0 0 0-1.06-1.06L12 10.94z"
                          fill="currentColor"
                        />
                      </svg>
                    </span>
                  </button>
                  <h2
                    class="navds-heading navds-heading--small"
                    id=":r0:"
                  >
                    Ditt NAV-kontor
                  </h2>
                </div>
                <div
                  class="navds-modal__body"
                >
                  <div
                    class="infotekst__ingress"
                  >
                    <p
                      class="navds-body-long navds-body-long--medium"
                    >
                      Hvis du allerede får oppfølging ved et NAV-kontor, skal du fortsette å bruke dette kontoret. Hvis du ikke får oppfølging, kan du bruke kontoret under.
                    </p>
                  </div>
                </div>
              </dialog>
              <div
                class="box__line"
              />
            </div>
            <a
              class="navds-link anchor-link navds-link--action"
              href="#ditt-nav-kontor"
            >
              <svg
                aria-hidden="true"
                class="anchor-link__icon"
                fill="none"
                focusable="false"
                height="1em"
                role="img"
                viewBox="0 0 24 24"
                width="1em"
                xmlns="http://www.w3.org/2000/svg"
              >
                <path
                  clip-rule="evenodd"
                  d="M14.909 5.152a2.25 2.25 0 0 1 3.182 0l.757.757a2.25 2.25 0 0 1 0 3.182l-4.964 4.965a1.25 1.25 0 0 1-1.768 0L11.03 12.97a.75.75 0 1 0-1.06 1.06l1.085 1.086a2.75 2.75 0 0 0 3.89 0l4.964-4.964a3.75 3.75 0 0 0 0-5.304l-.757-.757-.53.53.53-.53a3.75 3.75 0 0 0-5.304 0l-.878.879a.75.75 0 0 0 1.06 1.06zm-1.964 3.732a2.75 2.75 0 0 0-3.89 0l-4.964 4.964a3.75 3.75 0 0 0 0 5.304l.513-.514-.513.514.757.757a3.75 3.75 0 0 0 5.304 0l.878-.879a.75.75 0 0 0-1.06-1.06l-.879.878a2.25 2.25 0 0 1-3.182 0l-.757-.757a2.25 2.25 0 0 1 0-3.182l4.964-4.965a1.25 1.25 0 0 1 1.768 0l1.086 1.086a.75.75 0 0 0 1.06-1.06z"
                  fill="currentColor"
                  fill-rule="evenodd"
                />
              </svg>
              Lenke hit
            </a>
          </div>
          <div
            class="dittnavkontor__ingress"
          >
            <p
              class="navds-body-short navds-body-short--medium"
            >
              Ditt kontor er 
              <span
                class="navds-label"
              >
                NAV Halden-Aremark
              </span>
            </p>
          </div>
          <p
            class="_chooseBetweenOffices_1uiec_21 navds-body-long navds-body-long--medium"
          >
            Du kan velge ett av de følgende kontorene.
          </p>
          <div
            class="navds-tabs _officeTabs_1uiec_1 navds-tabs--medium"
          >
            <div
              class="navds-tabs__tablist-wrapper"
            >
              <div
                aria-orientation="horizontal"
                class="navds-tabs__tablist"
                role="tablist"
              >
                <button
                  aria-controls="tabs-r6--tabpanel-halden"
                  aria-selected="true"
                  class="navds-tabs__tab navds-tabs__tab--medium navds-tabs__tab-icon--left"
                  data-index="0"
                  data-state="active"
                  id="tabs-r6--tab-halden"
                  role="tab"
                  tabindex="0"
                  type="button"
                >
                  <span
                    class="navds-tabs__tab-inner navds-body-short navds-body-short--medium"
                  >
                    <span
                      aria-hidden="true"
                    />
                    <span>
                      Halden
                    </span>
                  </span>
                </button>
                <button
                  aria-controls="tabs-r6--tabpanel-aremark"
                  aria-selected="false"
                  class="navds-tabs__tab navds-tabs__tab--medium navds-tabs__tab-icon--left"
                  data-index="1"
                  data-state="inactive"
                  id="tabs-r6--tab-aremark"
                  role="tab"
                  tabindex="-1"
                  type="button"
                >
                  <span
                    class="navds-tabs__tab-inner navds-body-short navds-body-short--medium"
                  >
                    <span
                      aria-hidden="true"
                    />
                    <span>
                      Aremark
                    </span>
                  </span>
                </button>
              </div>
            </div>
            <div
              aria-labelledby="tabs-r6--tab-halden"
              class="navds-tabs__tabpanel _singleTab_1uiec_25"
              data-state="active"
              id="tabs-r6--tabpanel-halden"
              role="tabpanel"
              tabindex="0"
            >
              <div
                class="_singleReception_xmatb_1"
              >
                <h3
                  class="_heading_xmatb_48 navds-heading navds-heading--medium navds-typo--spacing"
                >
                  <svg
                    aria-hidden="true"
                    class="_headingIcon_xmatb_53 _iconPlace_xmatb_58"
                    fill="none"
                    focusable="false"
                    height="1em"
                    role="img"
                    viewBox="0 0 24 24"
                    width="1em"
                    xmlns="http://www.w3.org/2000/svg"
                  >
                    <path
                      clip-rule="evenodd"
                      d="M11.47 2.47a.75.75 0 0 1 1.06 0l7 7c.141.14.22.331.22.53v11a.75.75 0 0 1-.75.75h-5a.75.75 0 0 1-.75-.75v-4.25h-2.5V21a.75.75 0 0 1-.75.75H5a.75.75 0 0 1-.75-.75V10a.75.75 0 0 1 .22-.53z"
                      fill="currentColor"
                      fill-rule="evenodd"
                    />
                  </svg>
                  Adresse
                </h3>
                <section
                  class="_address_xmatb_75"
                >
                  <p
                    class="_addressLine_xmatb_82 navds-body-short navds-body-short--medium"
                  >
                    Storgata 8, 1771 HALDEN
                  </p>
                </section>
                <h3
                  class="_heading_xmatb_48 navds-heading navds-heading--medium navds-typo--spacing"
                >
                  <svg
                    aria-hidden="true"
                    class="_headingIcon_xmatb_53 _iconClock_xmatb_63"
                    fill="none"
                    focusable="false"
                    height="1em"
                    role="img"
                    viewBox="0 0 24 24"
                    width="1em"
                    xmlns="http://www.w3.org/2000/svg"
                  >
                    <path
                      clip-rule="evenodd"
                      d="M12 2.25c-5.385 0-9.75 4.365-9.75 9.75s4.365 9.75 9.75 9.75 9.75-4.365 9.75-9.75S17.385 2.25 12 2.25M12.75 6a.75.75 0 0 0-1.5 0v6c0 .199.079.39.22.53l2.5 2.5a.75.75 0 1 0 1.06-1.06l-2.28-2.28z"
                      fill="currentColor"
                      fill-rule="evenodd"
                    />
                  </svg>
                  Åpningstider når du ikke har avtale
                </h3>
                <table
                  class="navds-table navds-table--medium"
                >
                  <thead
                    class="navds-table__header _srOnly_1ti4y_1"
                  >
                    <tr
                      class="navds-table__row navds-table__row--shade-on-hover"
                    >
                      <th
                        class="navds-table__header-cell navds-label"
                        scope="col"
                      >
                        dag
                      </th>
                      <th
                        class="navds-table__header-cell navds-label"
                        scope="col"
                      >
                        tid
                      </th>
                    </tr>
                  </thead>
                  <tbody
                    class="navds-table__body"
                  >
                    <tr
                      class="navds-table__row"
                    >
                      <th
                        class="navds-table__header-cell navds-label dayInformation"
                      >
                        Mandag
                      </th>
                      <td
                        class="navds-table__data-cell openingInformation navds-body-short navds-body-short--medium"
                      >
                        Stengt
                      </td>
                    </tr>
                    <tr
                      class="navds-table__row"
                    >
                      <th
                        class="navds-table__header-cell navds-label dayInformation"
                      >
                        Tirsdag
                      </th>
                      <td
                        class="navds-table__data-cell openingInformation navds-body-short navds-body-short--medium"
                      >
                        Stengt
                      </td>
                    </tr>
                    <tr
                      class="navds-table__row"
                    >
                      <th
                        class="navds-table__header-cell navds-label dayInformation"
                      >
                        Onsdag
                      </th>
                      <td
                        class="navds-table__data-cell openingInformation navds-body-short navds-body-short--medium"
                      >
                        Stengt
                      </td>
                    </tr>
                    <tr
                      class="navds-table__row"
                    >
                      <th
                        class="navds-table__header-cell navds-label dayInformation"
                      >
                        Torsdag
                      </th>
                      <td
                        class="navds-table__data-cell openingInformation navds-body-short navds-body-short--medium"
                      >
                        Stengt
                      </td>
                    </tr>
                    <tr
                      class="navds-table__row"
                    >
                      <th
                        class="navds-table__header-cell navds-label dayInformation"
                      >
                        Fredag
                      </th>
                      <td
                        class="navds-table__data-cell openingInformation navds-body-short navds-body-short--medium"
                      >
                        Stengt
                      </td>
                    </tr>
                  </tbody>
                </table>
                <div
                  class="_appointmentBookingInfo_xmatb_94"
                >
                  <svg
                    aria-hidden="true"
                    class="_iconInfo_xmatb_68"
                    fill="none"
                    focusable="false"
                    height="1em"
                    role="img"
                    viewBox="0 0 24 24"
                    width="1em"
                    xmlns="http://www.w3.org/2000/svg"
                  >
                    <path
                      clip-rule="evenodd"
                      d="M3.25 4A.75.75 0 0 1 4 3.25h16a.75.75 0 0 1 .75.75v16a.75.75 0 0 1-.75.75H4a.75.75 0 0 1-.75-.75zM11 7.75a1 1 0 1 1 2 0 1 1 0 0 1-2 0m-1.25 3a.75.75 0 0 1 .75-.75H12a.75.75 0 0 1 .75.75v4.75h.75a.75.75 0 0 1 0 1.5h-3a.75.75 0 0 1 0-1.5h.75v-4h-.75a.75.75 0 0 1-.75-.75"
                      fill="currentColor"
                      fill-rule="evenodd"
                    />
                  </svg>
                  Du kan avtale møte med veilederen din utenom disse åpningstidene.
                </div>
              </div>
            </div>
            <div
              aria-labelledby="tabs-r6--tab-aremark"
              class="navds-tabs__tabpanel _singleTab_1uiec_25"
              data-state="inactive"
              hidden=""
              id="tabs-r6--tabpanel-aremark"
              role="tabpanel"
              tabindex="0"
            />
          </div>
          <dl
            class="dittnavkontor__footer list"
          >
            <div
              class="list-item"
            >
              <dt
                class="list-element-heading"
              >
                <span
                  class="navds-label"
                >
                  Kontakt NAV
                </span>
              </dt>
              <dd>
                <a
                  class="navds-link navds-link--action"
                  href="/person/kontakt-oss/nb/"
                >
                  Gå til kontaktinformasjon
                </a>
              </dd>
            </div>
          </dl>
          <div
            class="kilde__tekst"
          >
            <p
              class="navds-detail navds-typo--spacing"
            >
              Kilde: NAV
            </p>
          </div>
        </div>
      </div>
    </div>
  </div>
</DocumentFragment>
`;
