// Jest Snapshot v1, https://goo.gl/fbAQLP

exports[`DKIF renders correctly 1`] = `
<DocumentFragment>
   
  <div
    class="telefonnummer"
  >
    <dl
      class="list"
    >
      <div
        class="list-item"
      >
        <dt
          class="list-element-heading"
        >
          <span
            class="navds-label"
          >
            Telefon
          </span>
        </dt>
        <dd>
          12131415
        </dd>
      </div>
      <div
        class="list-item"
      >
        <dt
          class="list-element-heading"
        >
          <span
            class="navds-label"
          >
            Språk/målform
          </span>
        </dt>
        <dd>
          Norsk
        </dd>
      </div>
      <div
        class="list-item"
      >
        <dt
          class="list-element-heading"
        >
          <span
            class="navds-label"
          >
            E-post
          </span>
        </dt>
        <dd>
          test@test.com
        </dd>
      </div>
    </dl>
  </div>
  <div
    class="telefonnummer"
  >
    <div
      class="navds-alert navds-alert--info navds-alert--medium navds-alert--inline"
    >
      <svg
        aria-labelledby="title-r0"
        class="navds-alert__icon"
        fill="none"
        focusable="false"
        height="1em"
        role="img"
        viewBox="0 0 24 24"
        width="1em"
        xmlns="http://www.w3.org/2000/svg"
      >
        <title
          id="title-r0"
        >
          Informasjon
        </title>
        <path
          clip-rule="evenodd"
          d="M3.25 4A.75.75 0 0 1 4 3.25h16a.75.75 0 0 1 .75.75v16a.75.75 0 0 1-.75.75H4a.75.75 0 0 1-.75-.75V4ZM11 7.75a1 1 0 1 1 2 0 1 1 0 0 1-2 0Zm-1.25 3a.75.75 0 0 1 .75-.75H12a.75.75 0 0 1 .75.75v4.75h.75a.75.75 0 0 1 0 1.5h-3a.75.75 0 0 1 0-1.5h.75v-4h-.75a.75.75 0 0 1-.75-.75Z"
          fill="currentColor"
          fill-rule="evenodd"
        />
      </svg>
      <div
        class="navds-alert__wrapper navds-body-long"
      >
        Du mottar post og informasjon fra det offentlige elektronisk. Grunnen til det er at du ikke har reservert deg mot elektronisk kommunikasjon.
      </div>
    </div>
  </div>
  <div
    class="margin-kilde"
  >
    <div
      class="kilde__container"
    >
      <div
        class="kilde__tekst"
      >
        <p
          class="navds-detail"
        >
          Kilde: Kontakt - og reservasjonsregisteret
        </p>
      </div>
      <p
        class="navds-body-long"
      >
        <a
          class="navds-link kilde__lenke lenke"
          href="https://brukerprofil.difi.no/minprofil"
        >
          <span
            class="kilde__icon"
          >
            <img
              alt=""
              src="Link.svg"
            />
          </span>
          Vil du endre informasjonen i Kontakt- og reservasjonsregisteret? 
        </a>
      </p>
    </div>
  </div>
</DocumentFragment>
`;

exports[`TelefonnummerHosNav renders correctly 1`] = `
<DocumentFragment>
  <div>
    <div
      class="tlfnummer__rad"
    >
      <div
        class="tlfnummer__container"
      >
        <div
          class="tlfnummer__verdi"
        >
          <p
            class="navds-label"
          >
            Telefon 
          </p>
          <p
            class="navds-body-short"
          >
            <span>
              +47 
            </span>
            408 53 158
          </p>
        </div>
        <div
          class="tlfnummer__knapper"
        >
          <button
            aria-label="Endre telefonnummer"
            class="knapp-med-ikon navds-button navds-button--tertiary navds-button--medium"
          >
            <span
              aria-live="polite"
              class="navds-label"
            >
              <img
                alt=""
                class="tlfnummer__knapp-ikon"
                src="Pencil.svg"
              />
              <span
                class="tlfnummer__knapp-tekst"
              >
                Endre
              </span>
            </span>
          </button>
          <button
            aria-label="Slett telefonnummer"
            class="knapp-med-ikon navds-button navds-button--tertiary navds-button--medium"
          >
            <span
              aria-live="polite"
              class="navds-label"
            >
              <img
                alt=""
                class="tlfnummer__knapp-ikon"
                src="Slett.svg"
              />
              <span
                class="tlfnummer__knapp-tekst"
              >
                Slett
              </span>
            </span>
          </button>
        </div>
      </div>
    </div>
    <div
      class="margin-kilde"
    >
      <div
        class="kilde__container"
      >
        <div
          class="kilde__tekst"
        >
          <p
            class="navds-detail"
          >
            Kilde: NAV
          </p>
        </div>
      </div>
    </div>
  </div>
  <button
    aria-label="Legg til telefonnummer i NAV sitt register"
    class="tlfnummer__leggtil knapp-med-ikon lenke navds-button navds-button--tertiary navds-button--medium"
  >
    <span
      aria-live="polite"
      class="navds-label"
    >
      <img
        alt=""
        class="kilde__icon"
        src="LeggTil.svg"
      />
      Legg til nummer i NAV sitt register
    </span>
  </button>
</DocumentFragment>
`;
