// Jest Snapshot v1, https://goo.gl/fbAQLP

exports[`Personalia renders correctly 1`] = `
<DocumentFragment>
  <div
    class="box__wrapper"
    id="personalia"
  >
    <div
      class="navds-guide-panel navds-guide-panel--poster"
    >
      <div
        class="navds-guide"
      >
        <img
          alt=""
          class="box__ikon"
          src="Personalia.svg"
        />
      </div>
      <div
        class="navds-guide-panel__content"
      >
        <div
          class="box__container"
        >
          <div
            class="box__header"
          >
            <div
              class="box__title-container"
            >
              <div
                class="box__line"
              />
              <h2
                class="box__title navds-heading navds-heading--medium"
              >
                Personalia
              </h2>
              <button
                aria-label="Les mer om denne seksjonen."
                aria-pressed="false"
                class="infotekst__title-i-button"
              >
                <svg
                  aria-hidden="true"
                  class="infotekst__title-i-icon"
                  fill="none"
                  focusable="false"
                  height="1em"
                  role="img"
                  viewBox="0 0 24 24"
                  width="1em"
                  xmlns="http://www.w3.org/2000/svg"
                >
                  <path
                    clip-rule="evenodd"
                    d="M12 5.5a1 1 0 1 0 0 2 1 1 0 0 0 0-2Zm-2.75 4a.75.75 0 0 1 .75-.75h2a.75.75 0 0 1 .75.75v7.25H14a.75.75 0 0 1 0 1.5h-4a.75.75 0 0 1 0-1.5h1.25v-6.5H10a.75.75 0 0 1-.75-.75Z"
                    fill="currentColor"
                    fill-rule="evenodd"
                  />
                </svg>
              </button>
              <dialog
                aria-labelledby=":r0:"
                class="navds-modal infotekst__modal navds-modal--polyfilled navds-modal--autowidth"
                role="dialog"
              >
                <div
                  class="navds-modal__header"
                >
                  <button
                    class="navds-modal__button navds-button navds-button--tertiary-neutral navds-button--small navds-button--icon-only"
                    type="button"
                  >
                    <span
                      class="navds-button__icon"
                    >
                      <svg
                        aria-labelledby="title-r4"
                        fill="none"
                        focusable="false"
                        height="1em"
                        role="img"
                        viewBox="0 0 24 24"
                        width="1em"
                        xmlns="http://www.w3.org/2000/svg"
                      >
                        <title
                          id="title-r4"
                        >
                          Lukk
                        </title>
                        <path
                          d="M6.53 5.47a.75.75 0 0 0-1.06 1.06L10.94 12l-5.47 5.47a.75.75 0 1 0 1.06 1.06L12 13.06l5.47 5.47a.75.75 0 1 0 1.06-1.06L13.06 12l5.47-5.47a.75.75 0 0 0-1.06-1.06L12 10.94 6.53 5.47Z"
                          fill="currentColor"
                        />
                      </svg>
                    </span>
                  </button>
                  <h2
                    class="navds-heading navds-heading--small"
                    id=":r0:"
                  >
                    Personalia
                  </h2>
                </div>
                <div
                  class="navds-modal__body"
                >
                  <div
                    class="infotekst__ingress"
                  >
                    <p
                      class="navds-body-long navds-body-long--medium"
                    >
                      Vi må vite hvem du er og hvordan vi kan kontakte deg. Hvis du skal ha tjenester eller søker om økonomisk støtte, trenger vi opplysninger for å kunne vurdere hva du har krav på. For å kunne utbetale penger trenger vi kontonummeret ditt og en adresse.
                    </p>
                  </div>
                </div>
              </dialog>
              <div
                class="box__line"
              />
            </div>
            <a
              class="navds-link anchor-link navds-link--action"
              href="#personalia"
            >
              <svg
                aria-hidden="true"
                class="anchor-link__icon"
                fill="none"
                focusable="false"
                height="1em"
                role="img"
                viewBox="0 0 24 24"
                width="1em"
                xmlns="http://www.w3.org/2000/svg"
              >
                <path
                  clip-rule="evenodd"
                  d="M14.909 5.152a2.25 2.25 0 0 1 3.182 0l.757.757a2.25 2.25 0 0 1 0 3.182l-4.964 4.965a1.25 1.25 0 0 1-1.768 0L11.03 12.97a.75.75 0 1 0-1.06 1.06l1.085 1.086a2.75 2.75 0 0 0 3.89 0l4.964-4.964a3.75 3.75 0 0 0 0-5.304l-.757-.757-.53.53.53-.53a3.75 3.75 0 0 0-5.304 0l-.878.879a.75.75 0 0 0 1.06 1.06l.879-.878Zm-1.964 3.732a2.75 2.75 0 0 0-3.89 0l-4.964 4.964a3.75 3.75 0 0 0 0 5.304l.513-.514-.513.514.757.757a3.75 3.75 0 0 0 5.304 0l.878-.879a.75.75 0 0 0-1.06-1.06l-.879.878a2.25 2.25 0 0 1-3.182 0l-.757-.757a2.25 2.25 0 0 1 0-3.182l4.964-4.965a1.25 1.25 0 0 1 1.768 0l1.086 1.086a.75.75 0 0 0 1.06-1.06l-1.085-1.086Z"
                  fill="currentColor"
                  fill-rule="evenodd"
                />
              </svg>
              Lenke hit
            </a>
          </div>
          <dl
            class="list"
          />
          <div
            class="kilde__tekst"
          >
            <p
              class="navds-detail navds-typo--spacing"
            >
              Kilde: Folkeregisteret
            </p>
          </div>
          <p
            class="navds-body-long navds-body-long--medium"
          >
            <a
              class="navds-link navds-link--action"
              href="https://www.skatteetaten.no/person/folkeregister/"
            >
              <span
                class="kilde__icon"
              >
                <svg
                  aria-hidden="true"
                  class="kilde__icon-aksel"
                  fill="none"
                  focusable="false"
                  height="1em"
                  role="img"
                  viewBox="0 0 24 24"
                  width="1em"
                  xmlns="http://www.w3.org/2000/svg"
                >
                  <path
                    clip-rule="evenodd"
                    d="M20.532 3.471A.748.748 0 0 1 20.75 4v7.5a.75.75 0 0 1-1.5 0V5.81l-8.72 8.72a.75.75 0 1 1-1.06-1.06l8.72-8.72H12.5a.75.75 0 0 1 0-1.5H20c.206 0 .393.083.529.218l.001.002.002.001ZM4.75 9A.25.25 0 0 1 5 8.75h7a.75.75 0 0 0 0-1.5H5A1.75 1.75 0 0 0 3.25 9v10c0 .966.784 1.75 1.75 1.75h10A1.75 1.75 0 0 0 16.75 19v-7a.75.75 0 0 0-1.5 0v7a.25.25 0 0 1-.25.25H5a.25.25 0 0 1-.25-.25V9Z"
                    fill="currentColor"
                    fill-rule="evenodd"
                  />
                </svg>
              </span>
              Endre i Folkeregisteret
            </a>
          </p>
        </div>
      </div>
    </div>
  </div>
</DocumentFragment>
`;
