// Vitest Snapshot v1, https://vitest.dev/guide/snapshot.html

exports[`DsopHistorikkView > renders correctly 1`] = `
<DocumentFragment>
  <div
    class="historikk__tabs-innhold historikk__flex-table"
  >
    <div
      class="historikk__info"
    >
      <div
        class="navds-alert navds-alert--info navds-alert--medium"
      >
        <svg
          aria-labelledby="title-r0"
          class="navds-alert__icon"
          fill="none"
          focusable="false"
          height="1em"
          role="img"
          viewBox="0 0 24 24"
          width="1em"
          xmlns="http://www.w3.org/2000/svg"
        >
          <title
            id="title-r0"
          >
            Informasjon
          </title>
          <path
            clip-rule="evenodd"
            d="M3.25 4A.75.75 0 0 1 4 3.25h16a.75.75 0 0 1 .75.75v16a.75.75 0 0 1-.75.75H4a.75.75 0 0 1-.75-.75zM11 7.75a1 1 0 1 1 2 0 1 1 0 0 1-2 0m-1.25 3a.75.75 0 0 1 .75-.75H12a.75.75 0 0 1 .75.75v4.75h.75a.75.75 0 0 1 0 1.5h-3a.75.75 0 0 1 0-1.5h.75v-4h-.75a.75.75 0 0 1-.75-.75"
            fill="currentColor"
            fill-rule="evenodd"
          />
        </svg>
        <div
          class="navds-alert__wrapper navds-alert__wrapper--maxwidth navds-body-long navds-body-long--medium"
        >
          Her kan du laste ned en logg med opplysninger NAV har gitt til forsikringsselskap eller pensjonsordninger. NAV kan utlevere opplysninger fordi du har gitt samtykke, eller fordi NAV har hjemmel i lov. NAV kan ha derfor ha delt flere opplysninger enn de du ser i denne loggen.
          <br />
          <br />
          Du kan lese om hvilke opplysninger NAV kan utlevere i 
          <a
            class="navds-link navds-link--action"
            href="https://www.nav.no/personvernerklaering#hvem"
            target="blank"
          >
            personvernerklæringen til NAV
          </a>
          . Her kan du også lese om hvordan du tar kontakt med NAV hvis du har spørsmål om rettighetene dine og personvern.
        </div>
      </div>
    </div>
    <div
      class="historikk__flex-rad historikk__head"
    >
      <div
        class="historikk__flex-kolonne"
      >
        <p
          class="navds-label"
        >
          Uthentingstidspunkt
        </p>
      </div>
      <div
        class="historikk__flex-kolonne"
      >
        <p
          class="navds-label"
        >
          Selskap
        </p>
      </div>
    </div>
    <div
      class="historikk__flex-rad"
    >
      <button
        class="historikk__flex-kolonne af-liste__ekspander"
      >
        2019 
        <svg
          aria-hidden="true"
          fill="none"
          focusable="false"
          height="1em"
          role="img"
          viewBox="0 0 24 24"
          width="1em"
          xmlns="http://www.w3.org/2000/svg"
        >
          <path
            clip-rule="evenodd"
            d="M11.47 7.97a.75.75 0 0 1 1.06 0l5.5 5.5a.75.75 0 1 1-1.06 1.06L12 9.56l-4.97 4.97a.75.75 0 0 1-1.06-1.06z"
            fill="currentColor"
            fill-rule="evenodd"
          />
        </svg>
      </button>
      <div />
    </div>
    <div
      class="historikk__flex-rad"
    >
      <div
        class="historikk__flex-kolonne historikk__heading"
      >
        18.06 kl. 10:45
      </div>
      <div
        class="historikk__flex-kolonne"
      >
        <div />
      </div>
    </div>
    <div
      class="historikk__flex-rad"
    >
      <div
        class="historikk__flex-kolonne historikk__heading"
      >
        18.06 kl. 10:45
      </div>
      <div
        class="historikk__flex-kolonne"
      >
        <div />
      </div>
    </div>
    <div
      class="historikk__flex-rad"
    >
      <div
        class="historikk__flex-kolonne historikk__heading"
      >
        18.06 kl. 10:51
      </div>
      <div
        class="historikk__flex-kolonne"
      >
        <div />
      </div>
    </div>
    <div
      class="historikk__flex-rad"
    >
      <button
        class="historikk__flex-kolonne af-liste__ekspander"
      >
        2018 
        <svg
          aria-hidden="true"
          fill="none"
          focusable="false"
          height="1em"
          role="img"
          viewBox="0 0 24 24"
          width="1em"
          xmlns="http://www.w3.org/2000/svg"
        >
          <path
            clip-rule="evenodd"
            d="M5.97 9.47a.75.75 0 0 1 1.06 0L12 14.44l4.97-4.97a.75.75 0 1 1 1.06 1.06l-5.5 5.5a.75.75 0 0 1-1.06 0l-5.5-5.5a.75.75 0 0 1 0-1.06"
            fill="currentColor"
            fill-rule="evenodd"
          />
        </svg>
      </button>
      <div />
    </div>
    <div
      class="historikk__flex-rad"
    >
      <button
        class="historikk__flex-kolonne af-liste__ekspander"
      >
        2017 
        <svg
          aria-hidden="true"
          fill="none"
          focusable="false"
          height="1em"
          role="img"
          viewBox="0 0 24 24"
          width="1em"
          xmlns="http://www.w3.org/2000/svg"
        >
          <path
            clip-rule="evenodd"
            d="M5.97 9.47a.75.75 0 0 1 1.06 0L12 14.44l4.97-4.97a.75.75 0 1 1 1.06 1.06l-5.5 5.5a.75.75 0 0 1-1.06 0l-5.5-5.5a.75.75 0 0 1 0-1.06"
            fill="currentColor"
            fill-rule="evenodd"
          />
        </svg>
      </button>
      <div />
    </div>
    <div
      class="historikk__flex-rad"
    >
      <button
        class="historikk__flex-kolonne af-liste__ekspander"
      >
        2016 
        <svg
          aria-hidden="true"
          fill="none"
          focusable="false"
          height="1em"
          role="img"
          viewBox="0 0 24 24"
          width="1em"
          xmlns="http://www.w3.org/2000/svg"
        >
          <path
            clip-rule="evenodd"
            d="M5.97 9.47a.75.75 0 0 1 1.06 0L12 14.44l4.97-4.97a.75.75 0 1 1 1.06 1.06l-5.5 5.5a.75.75 0 0 1-1.06 0l-5.5-5.5a.75.75 0 0 1 0-1.06"
            fill="currentColor"
            fill-rule="evenodd"
          />
        </svg>
      </button>
      <div />
    </div>
  </div>
</DocumentFragment>
`;
