// Jest Snapshot v1, https://goo.gl/fbAQLP

exports[`DsopDetaljerView renders correctly 1`] = `
<DocumentFragment>
  <div>
    <div
      class="detaljer__tittel"
    >
      <h2
        class="typo-undertittel"
      >
        STOREBRAND LIVSFORSIKRING AS
      </h2>
      <p
        class="typo-normal"
      >
        Organisasjonsnummer 958995369
      </p>
    </div>
    <hr
      class="box__linje-bred"
    />
    <div
      class="box"
    >
      <div
        class="box__content"
      >
        <ul
          class="list-column-2"
        >
          <li>
            <div
              class="listelement__header"
            >
              <p
                class="typo-element"
              >
                Uthentingstidspunkt
              </p>
            </div>
            <div
              class="content "
            >
              18.06.2019 10:45
            </div>
          </li>
          <li>
            <div
              class="listelement__header"
            >
              <p
                class="typo-element"
              >
                Personnummer
              </p>
            </div>
            <div
              class="content "
            >
              04019727454
            </div>
          </li>
          <li>
            <div
              class="listelement__header"
            >
              <p
                class="typo-element"
              >
                Tema
              </p>
            </div>
            <div
              class="content "
            >
              AAP
            </div>
          </li>
          <li>
            <div
              class="listelement__header"
            >
              <p
                class="typo-element"
              >
                Behandlingsgrunnlag
              </p>
            </div>
            <div
              class="content "
            >
              Samtykke
            </div>
          </li>
        </ul>
      </div>
      <div
        class="detaljer__container"
      >
        <button
          class="knapp knapp--hoved"
          type="submit"
        >
          Last ned leverte data
        </button>
      </div>
    </div>
  </div>
</DocumentFragment>
`;
