// Jest Snapshot v1, https://goo.gl/fbAQLP

exports[`DsopDetaljerView renders correctly 1`] = `
<DocumentFragment>
  <div>
    <div
      class="detaljer__tittel"
    >
      <h2
        class="navds-heading navds-heading--small"
      >
        STOREBRAND LIVSFORSIKRING AS
      </h2>
      <p
        class="navds-body-short navds-body-short--medium"
      >
        Organisasjonsnummer 958995369
      </p>
    </div>
    <hr
      class="box__linje-bred"
    />
    <div
      class="box"
    >
      <div
        class="box__content"
      >
        <dl
          class="list"
        >
          <div
            class="list-item"
          >
            <dt
              class="list-element-heading"
            >
              <span
                class="navds-label"
              >
                Uthentingstidspunkt
              </span>
            </dt>
            <dd>
              18.06.2019 10:45
            </dd>
          </div>
          <div
            class="list-item"
          >
            <dt
              class="list-element-heading"
            >
              <span
                class="navds-label"
              >
                Personnummer
              </span>
            </dt>
            <dd>
              04019727454
            </dd>
          </div>
          <div
            class="list-item"
          >
            <dt
              class="list-element-heading"
            >
              <span
                class="navds-label"
              >
                Tema
              </span>
            </dt>
            <dd>
              AAP
            </dd>
          </div>
          <div
            class="list-item"
          >
            <dt
              class="list-element-heading"
            >
              <span
                class="navds-label"
              >
                Behandlingsgrunnlag
              </span>
            </dt>
            <dd>
              Samtykke
            </dd>
          </div>
        </dl>
      </div>
      <div
        class="detaljer__container"
      >
        <button
          class="navds-button navds-button--primary navds-button--medium"
        >
          <span
            class="navds-label"
          >
            Last ned leverte data
          </span>
        </button>
      </div>
    </div>
  </div>
</DocumentFragment>
`;
