// Jest Snapshot v1, https://goo.gl/fbAQLP

exports[`DsopDetaljerView renders correctly 1`] = `
<DocumentFragment>
  <div>
    <div
      class="detaljer__tittel"
    >
      <h2
        class="navds-heading navds-heading--small"
      >
        STOREBRAND LIVSFORSIKRING AS
      </h2>
      <p
        class="navds-body-short"
      >
        Organisasjonsnummer 958995369
      </p>
    </div>
    <hr
      class="box__linje-bred"
    />
    <div
      class="box"
    >
      <div
        class="box__content"
      >
        <ul
          class="list-column-2"
        >
          <li>
            <div
              class="listelement__header"
            >
              <p
                class="navds-label"
              >
                Uthentingstidspunkt
              </p>
            </div>
            <div
              class="content "
            >
              18.06.2019 10:45
            </div>
            <p
              class="navds-body-short"
            />
          </li>
          <li>
            <div
              class="listelement__header"
            >
              <p
                class="navds-label"
              >
                Personnummer
              </p>
            </div>
            <div
              class="content "
            >
              04019727454
            </div>
            <p
              class="navds-body-short"
            />
          </li>
          <li>
            <div
              class="listelement__header"
            >
              <p
                class="navds-label"
              >
                Tema
              </p>
            </div>
            <div
              class="content "
            >
              AAP
            </div>
            <p
              class="navds-body-short"
            />
          </li>
          <li>
            <div
              class="listelement__header"
            >
              <p
                class="navds-label"
              >
                Behandlingsgrunnlag
              </p>
            </div>
            <div
              class="content "
            >
              Samtykke
            </div>
            <p
              class="navds-body-short"
            />
          </li>
        </ul>
      </div>
      <div
        class="detaljer__container"
      >
        <button
          class="navds-button navds-button--primary navds-button--medium"
        >
          <span
            aria-live="polite"
            class="navds-label"
          >
            Last ned leverte data
          </span>
        </button>
      </div>
    </div>
  </div>
</DocumentFragment>
`;
