// Jest Snapshot v1, https://goo.gl/fbAQLP

exports[`render Header with content 1`] = `
<div
  className="panel box"
>
  <div
    className="icon__container"
    id="arbeidsforhold"
  />
  <div
    className="box__content-container"
  >
    <div
      className="box__header"
      id="arbeidsforhold"
    >
      <h2
        className="typo-systemtittel"
      >
        Arbeidsforhold
      </h2>
    </div>
    <div
      className="box__content"
    >
      <h3>
        Header
      </h3>
      <div>
        content
      </div>
    </div>
  </div>
</div>
`;
