// Jest Snapshot v1, https://goo.gl/fbAQLP

exports[`render ContentWrapper with content 1`] = `
<ContentWrapper
  adresser={
    Object {
      "boadresse": Object {
        "adresse": "",
        "adressetillegg": "",
        "bydel": "",
        "datoFraOgMed": "",
        "kommune": "",
        "land": "",
        "matrikkeladresse": Object {
          "bruksnummer": null,
          "festenummer": null,
          "gaardsnummer": null,
          "undernummer": null,
        },
        "postnummer": "",
        "poststed": "",
        "veiadresse": Object {
          "bokstav": "",
          "bolignummer": "",
          "gatekode": "",
          "husnummer": "",
        },
      },
      "datakilder": Array [
        Object {},
      ],
      "geografiskTilknytning": Object {
        "bydel": "",
        "datoFraOgMed": "",
        "kommune": "",
        "land": "",
      },
      "postadresse": null,
      "prioritertAdresse": null,
      "tilleggsadresse": null,
      "utenlandskAdresse": null,
    }
  }
  personalia={
    Object {
      "datakilder": Array [
        Object {},
      ],
      "epostadr": "",
      "etternavn": "",
      "fnr": "",
      "foedested": "",
      "fornavn": "",
      "kjoenn": "",
      "kontonr": "",
      "personstatus": "",
      "sivilstand": "",
      "spraak": null,
      "statsborgerskap": "",
      "tlfnr": null,
    }
  }
/>
`;
