// Jest Snapshot v1, https://goo.gl/fbAQLP

exports[`render ContentWrapper with content 1`] = `
<div>
  <div
    className="BoxContainer box-bottom-margin"
  >
    <div
      className="BoxWithHeader"
    >
      <h1>
        Personalia
      </h1>
      <div
        className="icon-box-wrapper"
      >
        <img
          alt=""
          className="box-icon"
          src="woman.png"
        />
        <div
          className="Box"
        >
          <ul
            className="personalia-list"
          >
            <li>
              <span
                className="title"
              >
                <span>
                  Fornavn
                </span>
              </span>
              <span
                className="content"
              >
                
              </span>
            </li>
            <li>
              <span
                className="title"
              >
                <span>
                  Etternavn
                </span>
              </span>
              <span
                className="content"
              >
                
              </span>
            </li>
            <li>
              <span
                className="title"
              >
                <span>
                  Fødselsnummer
                </span>
              </span>
              <span
                className="content"
              >
                
              </span>
            </li>
            <li>
              <span
                className="title"
              >
                <span>
                  Utenlandsk ID
                </span>
              </span>
              <span
                className="content"
              >
                x
              </span>
            </li>
            <li>
              <span
                className="title"
              >
                <span>
                  Telefon
                </span>
              </span>
              <span
                className="content"
              >
                
              </span>
            </li>
            <li>
              <span
                className="title"
              >
                <span>
                  Kontonummer
                </span>
              </span>
              <span
                className="content"
              >
                
              </span>
            </li>
            <li>
              <span
                className="title"
              >
                <span>
                  e-post
                </span>
              </span>
              <span
                className="content"
              >
                x
              </span>
            </li>
            <li>
              <span
                className="title"
              >
                <span>
                  Språk
                </span>
              </span>
              <span
                className="content"
              >
                
              </span>
            </li>
            <li>
              <span
                className="title"
              >
                <span>
                  Statsborgerskap
                </span>
              </span>
              <span
                className="content"
              >
                
              </span>
            </li>
            <li>
              <span
                className="title"
              >
                <span>
                  Personstatus
                </span>
              </span>
              <span
                className="content"
              >
                
              </span>
            </li>
            <li>
              <span
                className="title"
              >
                <span>
                  Fødested
                </span>
              </span>
              <span
                className="content"
              >
                x
              </span>
            </li>
            <li>
              <span
                className="title"
              >
                <span>
                  Spesialregistrering
                </span>
              </span>
              <span
                className="content"
              >
                
              </span>
            </li>
            <li>
              <span
                className="title"
              >
                <span>
                  Sivilstand
                </span>
              </span>
              <span
                className="content"
              >
                
              </span>
            </li>
            <li>
              <span
                className="title"
              >
                <span>
                  Sikkerhetstiltak
                </span>
              </span>
              <span
                className="content"
              >
                
              </span>
            </li>
            <li>
              <span
                className="title"
              >
                <span>
                  Kjønn
                </span>
              </span>
              <span
                className="content"
              >
                
              </span>
            </li>
            <li>
              <span
                className="title"
              >
                <span>
                  Tilpasset kommunikasjon
                </span>
              </span>
              <span
                className="content"
              >
                x
              </span>
            </li>
          </ul>
          <div
            className="box-footer"
          >
            <span>
              Kilde: NAV, Skatteetaten, Folkeregisteret, Kontakt- og reservasjonsregisteret
            </span>
          </div>
        </div>
      </div>
    </div>
  </div>
  <div>
    <div
      className="BoxContainer box-bottom-margin-small"
    >
      <div
        className="BoxWithHeader"
      >
        <h1>
          Adresse
        </h1>
        <div
          className="icon-box-wrapper"
        >
          <img
            alt=""
            className="box-icon"
            src="house.png"
          />
          <div
            className="Box"
          >
            <div
              className="address-box"
            >
              <h3
                className="address-type"
              >
                Bostedsadresse
              </h3>
              <ul
                className="address-list-col-4"
              >
                <li
                  className="address-col"
                >
                  <span
                    className="title"
                  >
                    <span>
                      Gate
                    </span>
                  </span>
                  <span
                    className="content"
                  >
                    
                  </span>
                </li>
                <li
                  className="address-col"
                >
                  <span
                    className="title"
                  >
                    <span>
                      Postnummer
                    </span>
                  </span>
                  <span
                    className="content"
                  >
                    
                  </span>
                </li>
                <li
                  className="address-col"
                >
                  <span
                    className="title"
                  >
                    <span>
                      Poststed
                    </span>
                  </span>
                  <span
                    className="content"
                  >
                    Kristiansand
                  </span>
                </li>
              </ul>
              <div
                className="box-footer"
              >
                Kilde: 
                
              </div>
            </div>
          </div>
        </div>
      </div>
    </div>
    <div
      className="BoxContainer box-bottom-margin-small"
    >
      <div
        className="BoxWithHeader"
      >
        <div
          className="icon-box-wrapper"
        >
          <div
            className="box-icon"
          />
          <div
            className="Box"
          >
            <div
              className="address-box"
            >
              <h3
                className="address-type"
              >
                Postadresse
              </h3>
              <ul
                className="address-list-col-3"
              >
                <li
                  className="address-col"
                >
                  <span
                    className="title"
                  >
                    <span>
                      Adresselinje 1
                    </span>
                  </span>
                  <span
                    className="content"
                  >
                    
                  </span>
                </li>
                <li
                  className="address-col"
                >
                  <span
                    className="title"
                  >
                    <span>
                      Adresselinje 2
                    </span>
                  </span>
                  <span
                    className="content"
                  >
                    
                  </span>
                </li>
                <li
                  className="address-col"
                >
                  <span
                    className="title"
                  >
                    <span>
                      Adresselinje 3
                    </span>
                  </span>
                  <span
                    className="content"
                  >
                    
                  </span>
                </li>
                <li
                  className="address-col"
                >
                  <span
                    className="title"
                  >
                    <span>
                      Postnummer
                    </span>
                  </span>
                  <span
                    className="content"
                  >
                    
                  </span>
                </li>
                <li
                  className="address-col"
                >
                  <span
                    className="title"
                  >
                    <span>
                      Land
                    </span>
                  </span>
                  <span
                    className="content"
                  >
                    
                  </span>
                </li>
              </ul>
              <div
                className="box-footer"
              >
                Kilde: 
                
              </div>
            </div>
          </div>
        </div>
      </div>
    </div>
    <div
      className="BoxContainer box-bottom-margin"
    >
      <div
        className="BoxWithHeader"
      >
        <div
          className="icon-box-wrapper"
        >
          <div
            className="box-icon"
          />
          <div
            className="Box"
          >
            <div
              className="address-box"
            >
              <h3
                className="address-type"
              >
                Utenlandsk adresse
              </h3>
              <ul
                className="address-list-col-3"
              >
                <li
                  className="address-col"
                >
                  <span
                    className="title"
                  >
                    <span>
                      Adresselinje 1
                    </span>
                  </span>
                  <span
                    className="content"
                  >
                    
                  </span>
                </li>
                <li
                  className="address-col"
                >
                  <span
                    className="title"
                  >
                    <span>
                      Adresselinje 2
                    </span>
                  </span>
                  <span
                    className="content"
                  >
                    
                  </span>
                </li>
                <li
                  className="address-col"
                >
                  <span
                    className="title"
                  >
                    <span>
                      Adresselinje 3
                    </span>
                  </span>
                  <span
                    className="content"
                  >
                    
                  </span>
                </li>
              </ul>
              <div
                className="box-footer"
              >
                Kilde: 
                
              </div>
            </div>
          </div>
        </div>
      </div>
    </div>
  </div>
  <div
    className="BoxContainer box-bottom-margin"
  >
    <div
      className="BoxWithHeader"
    >
      <h1>
        Familierelasjoner
      </h1>
      <div
        className="icon-box-wrapper"
      >
        <div
          className="box-icon"
        />
        <div
          className="Box"
        >
          <h3>
            Familierelasjoner
          </h3>
        </div>
      </div>
    </div>
  </div>
  <div
    className="BoxContainer box-bottom-margin"
  >
    <div
      className="BoxWithHeader"
    >
      <h1>
        Arbeidsforhold
      </h1>
      <div
        className="icon-box-wrapper"
      >
        <div
          className="box-icon"
        />
        <div
          className="Box"
        >
          <h3>
            Arbeidsforhold
          </h3>
        </div>
      </div>
    </div>
  </div>
  <div
    className="BoxContainer box-bottom-margin"
  >
    <div
      className="BoxWithHeader"
    >
      <h1>
        Pensjon
      </h1>
      <div
        className="icon-box-wrapper"
      >
        <div
          className="box-icon"
        />
        <div
          className="Box"
        >
          <div
            className="link-box-content"
          >
            <div
              className="link-info"
            >
              NAV har opplysninger om din pensjon i en egen tjeneste.
            </div>
            <a
              href="https://www.nav.no/no/Person/Pensjon/Hva+kan+jeg+fa+i+pensjon"
            >
              Gå til Din pensjon
            </a>
            <div
              className="box-footer link-footer"
            >
              Kilde: 
              Pensjonsregisteret
            </div>
          </div>
        </div>
      </div>
    </div>
  </div>
  <div
    className="BoxContainer box-bottom-margin"
  >
    <div
      className="BoxWithHeader"
    >
      <h1>
        Dine saker
      </h1>
      <div
        className="icon-box-wrapper"
      >
        <div
          className="box-icon"
        />
        <div
          className="Box"
        >
          <div
            className="link-box-content"
          >
            <div
              className="link-info"
            >
              Oversikt over dine saker og kommunikasjon med NAV
            </div>
            <a
              href="https://tjenester.nav.no/saksoversikt/app"
            >
              Gå til saksoversikt
            </a>
            <div
              className="box-footer link-footer"
            >
              Kilde: 
              NAV
            </div>
          </div>
        </div>
      </div>
    </div>
  </div>
  <div
    className="BoxContainer box-bottom-margin"
  >
    <div
      className="BoxWithHeader"
    >
      <h1>
        Utbetalinger
      </h1>
      <div
        className="icon-box-wrapper"
      >
        <div
          className="box-icon"
        />
        <div
          className="Box"
        >
          <div
            className="link-box-content"
          >
            <div
              className="link-info"
            >
              Oversikt over dine utbetalinger fra NAV
            </div>
            <a
              href="https://www.nav.no/no/NAV+og+samfunn/Kontakt+NAV/Utbetalinger/Utbetalinger"
            >
              Gå til utbetalinger
            </a>
            <div
              className="box-footer link-footer"
            >
              Kilde: 
              NAV
            </div>
          </div>
        </div>
      </div>
    </div>
  </div>
  <div
    className="BoxContainer box-bottom-margin"
  >
    <div
      className="BoxWithHeader"
    >
      <h1>
        Jobbsøk
      </h1>
      <div
        className="icon-box-wrapper"
      >
        <div
          className="box-icon"
        />
        <div
          className="Box"
        >
          <div
            className="link-box-content"
          >
            <div
              className="link-info"
            >
              Jobbsøknader, CV, aktivitetsplaner og lagrede søk
            </div>
            <a
              href="https://www.nav.no/no/Person/Arbeid/Arbeidsledig+og+jobbsoker"
            >
              Gå til din jobbsøk/CV
            </a>
            <div
              className="box-footer link-footer"
            >
              Kilde: 
              Arbeidsregisteret
            </div>
          </div>
        </div>
      </div>
    </div>
  </div>
</div>
`;
