// Jest Snapshot v1, https://goo.gl/fbAQLP

exports[`render ContentWrapper with content 1`] = `
<div>
  <div
    className="BoxContainer"
  >
    <div
      className="BoxWithHeader"
    >
      <h1>
        Personalia
      </h1>
      <div
        className="icon-box-wrapper"
      >
        <img
          alt=""
          className="box-icon"
          src="woman.png"
        />
        <div
          className="Box"
        >
          <ul
            className="personalia-list"
          >
            <li>
              <span
                className="title"
              >
                <span>
                  personalia.first_name
                </span>
              </span>
              <span
                className="content"
              >
                
              </span>
            </li>
            <li>
              <span
                className="title"
              >
                <span>
                  personalia.surname
                </span>
              </span>
              <span
                className="content"
              >
                
              </span>
            </li>
            <li>
              <span
                className="title"
              >
                <span>
                  personalia.fnr
                </span>
              </span>
              <span
                className="content"
              >
                
              </span>
            </li>
            <li>
              <span
                className="title"
              >
                <span>
                  personalia.foreign_id
                </span>
              </span>
              <span
                className="content"
              >
                x
              </span>
            </li>
            <li>
              <span
                className="title"
              >
                <span>
                  personalia.phone
                </span>
              </span>
              <span
                className="content"
              >
                
              </span>
            </li>
            <li>
              <span
                className="title"
              >
                <span>
                  personalia.account_no
                </span>
              </span>
              <span
                className="content"
              >
                
              </span>
            </li>
            <li>
              <span
                className="title"
              >
                <span>
                  personalia.email
                </span>
              </span>
              <span
                className="content"
              >
                x
              </span>
            </li>
            <li>
              <span
                className="title"
              >
                <span>
                  personalia.language
                </span>
              </span>
              <span
                className="content"
              >
                
              </span>
            </li>
            <li>
              <span
                className="title"
              >
                <span>
                  personalia.citizenship
                </span>
              </span>
              <span
                className="content"
              >
                
              </span>
            </li>
            <li>
              <span
                className="title"
              >
                <span>
                  personalia.status
                </span>
              </span>
              <span
                className="content"
              >
                
              </span>
            </li>
            <li>
              <span
                className="title"
              >
                <span>
                  personalia.birthplace
                </span>
              </span>
              <span
                className="content"
              >
                x
              </span>
            </li>
            <li>
              <span
                className="title"
              >
                <span>
                  personalia.spesreg
                </span>
              </span>
              <span
                className="content"
              >
                
              </span>
            </li>
            <li>
              <span
                className="title"
              >
                <span>
                  personalia.civil_status
                </span>
              </span>
              <span
                className="content"
              >
                
              </span>
            </li>
            <li>
              <span
                className="title"
              >
                <span>
                  personalia.security_measure
                </span>
              </span>
              <span
                className="content"
              >
                
              </span>
            </li>
            <li>
              <span
                className="title"
              >
                <span>
                  personalia.gender
                </span>
              </span>
              <span
                className="content"
              >
                
              </span>
            </li>
            <li>
              <span
                className="title"
              >
                <span>
                  personalia.customized_comm
                </span>
              </span>
              <span
                className="content"
              >
                x
              </span>
            </li>
          </ul>
          <div
            className="box-footer"
          >
            <span>
              personalia.source
            </span>
          </div>
        </div>
      </div>
    </div>
  </div>
  <div
    className="BoxContainer"
  >
    <div
      className="BoxWithHeader"
    >
      <h1>
        Adresse
      </h1>
      <div
        className="icon-box-wrapper"
      >
        <div
          className="Box"
        >
          <h3>
            Adresse
          </h3>
        </div>
      </div>
    </div>
  </div>
  <div
    className="BoxContainer"
  >
    <div
      className="BoxWithHeader"
    >
      <h1>
        Familierelasjoner
      </h1>
      <div
        className="icon-box-wrapper"
      >
        <div
          className="Box"
        >
          <h3>
            Familierelasjoner
          </h3>
        </div>
      </div>
    </div>
  </div>
  <div
    className="BoxContainer"
  >
    <div
      className="BoxWithHeader"
    >
      <h1>
        Arbeidsforhold
      </h1>
      <div
        className="icon-box-wrapper"
      >
        <div
          className="Box"
        >
          <h3>
            Arbeidsforhold
          </h3>
        </div>
      </div>
    </div>
  </div>
</div>
`;
