// Jest Snapshot v1, https://goo.gl/fbAQLP

exports[`render Header with content 1`] = `
<div
  className="Header"
>
  <div
    className="header-content"
  >
    <div
      className="header-content-wrapper"
    >
      <h1
        className="typo-innholdstittel"
      >
        <span
          dangerouslySetInnerHTML={
            Object {
              "__html": "Hei Donald!",
            }
          }
        />
      </h1>
      <div
        className="header-intro"
      >
        <p
          className="typo-ingress"
        >
          <span
            dangerouslySetInnerHTML={
              Object {
                "__html": "Her kan du se opplysninger som NAV har registrert om deg.",
              }
            }
          />
        </p>
      </div>
      <div
        className="header-description"
      >
        <p
          className="typo-ingress"
        >
          <span
            dangerouslySetInnerHTML={
              Object {
                "__html": "<a href='https://www.nav.no/personvern' target='blank' rel='noopener noreferrer'>Les om personvern i Arbeids- og velferdsetaten her.</a>",
              }
            }
          />
        </p>
      </div>
      <div
        className="snakkeboble-edge"
      />
    </div>
    <img
      alt="Pc"
      className="header-icon-desktop"
      src="group.svg"
    />
    <div
      className="header-icon-mobile-container"
    >
      <div
        className="header-icon-mobile-circle"
      >
        <img
          alt="Pc"
          className="header-icon-mobile"
          src="veilder.svg"
        />
      </div>
    </div>
  </div>
</div>
`;
