// Jest Snapshot v1, https://goo.gl/fbAQLP

exports[`render LinksContainer with content 1`] = `
Array [
  <div
    className="BoxContainer box-bottom-margin"
    id="pensjonsopptjening"
  >
    <div
      className="BoxWithHeader"
    >
      <h1>
        Pensjonsopptjening
      </h1>
      <div
        className="icon-box-wrapper"
      >
        <div
          className="box-icon"
        >
          <img
            alt=""
            className="icon"
            src="spare-pensjonsgris.svg"
          />
        </div>
        <div
          className="Box"
        >
          <div
            className="link-box-content"
          >
            <p
              className="typo-ingress"
            >
              <div>
                NAV har opplysninger om din pensjonsopptjening i en egen tjeneste.
              </div>
              <a
                className="lenke"
                href="https://tjenester.nav.no/pselv/publisering/dinpensjon.jsf"
                rel="noopener noreferrer"
                target="_blank"
              >
                Gå til Din pensjon
              </a>
            </p>
          </div>
        </div>
      </div>
    </div>
  </div>,
  <div
    className="BoxContainer box-bottom-margin"
    id="dine-saker"
  >
    <div
      className="BoxWithHeader"
    >
      <h1>
        Dine saker
      </h1>
      <div
        className="icon-box-wrapper"
      >
        <div
          className="box-icon"
        >
          <img
            alt=""
            className="icon"
            src="papirstabel.svg"
          />
        </div>
        <div
          className="Box"
        >
          <button
            className="information-circle"
            onClick={[Function]}
            type="button"
          >
            <img
              alt="Information"
              src="infomation-circle.svg"
            />
          </button>
          <div
            className="link-box-content"
          >
            <p
              className="typo-ingress"
            >
              <div>
                Oversikt over dine saker og kommunikasjon med NAV
              </div>
              <a
                className="lenke"
                href="https://tjenester.nav.no/saksoversikt/app"
                rel="noopener noreferrer"
                target="_blank"
              >
                Gå til saksoversikt
              </a>
            </p>
          </div>
        </div>
      </div>
    </div>
  </div>,
  <div
    className="BoxContainer box-bottom-margin"
    id="utbetalinger"
  >
    <div
      className="BoxWithHeader"
    >
      <h1>
        Utbetalinger
      </h1>
      <div
        className="icon-box-wrapper"
      >
        <div
          className="box-icon"
        >
          <img
            alt=""
            className="icon"
            src="penger.svg"
          />
        </div>
        <div
          className="Box"
        >
          <div
            className="link-box-content"
          >
            <p
              className="typo-ingress"
            >
              <div>
                Oversikt over dine utbetalinger fra NAV
              </div>
              <a
                className="lenke"
                href="https://tjenester.nav.no/utbetalingsoversikt/"
                rel="noopener noreferrer"
                target="_blank"
              >
                Gå til utbetalinger
              </a>
            </p>
          </div>
        </div>
      </div>
    </div>
  </div>,
  <div
    className="BoxContainer box-bottom-margin"
    id="cv"
  >
    <div
      className="BoxWithHeader"
    >
      <h1>
        CV og stillingssøk
      </h1>
      <div
        className="icon-box-wrapper"
      >
        <div
          className="box-icon"
        >
          <img
            alt=""
            className="icon"
            src="jobbsok.svg"
          />
        </div>
        <div
          className="Box"
        >
          <div
            className="link-box-content"
          >
            <p
              className="typo-ingress"
            >
              <div>
                Din CV og lagrede stillingssøk
              </div>
              <a
                className="lenke"
                href="https://arbeidsplassen.nav.no/minside"
                rel="noopener noreferrer"
                target="_blank"
              >
                Gå til CV/stillingssøk
              </a>
            </p>
          </div>
        </div>
      </div>
    </div>
  </div>,
]
`;
