// Jest Snapshot v1, https://goo.gl/fbAQLP

exports[`render LinkBox with content 1`] = `
<div
  className="BoxContainer box-bottom-margin"
>
  <div
    className="BoxWithHeader"
  >
    <h1>
      Pensjon
    </h1>
    <div
      className="icon-box-wrapper"
    >
      <div
        className="box-icon"
      />
      <div
        className="Box"
      >
        <div
          className="link-box-content"
        >
          <div
            className="link-info"
          >
            NAV har opplysninger om din pensjon i en egen tjeneste.
          </div>
          <a
            href="https://www.nav.no/no/Person/Pensjon/Hva+kan+jeg+fa+i+pensjon"
          >
            Gå til Din pensjon
          </a>
          <div
            className="box-footer link-footer"
          >
            Kilde: 
            Pensjonsregisteret
          </div>
        </div>
      </div>
    </div>
  </div>
</div>
`;
