// Jest Snapshot v1, https://goo.gl/fbAQLP

exports[`render LinkBox with content 1`] = `
<div
  className="linkbox__container"
>
  <div
    className="icon__container"
  >
    <div
      className="icon__circle"
      style={
        Object {
          "backgroundColor": "#c6c2bf",
          "backgroundImage": "url(function SvgSparePensjonsgris(props) {
  return React.createElement(
    'svg', 
    Object.assign({}, props, {'data-file-name': SvgSparePensjonsgris.name})
  );
})",
        }
      }
    />
  </div>
  <div
    className="linkbox__content"
  >
    <div
      className="linkbox__seksjon"
    >
      <div
        className="linkbox__tittel"
      >
        <h2
          className="typo-systemtittel"
        >
          <span>
            Pensjonsopptjening
          </span>
        </h2>
      </div>
      <p
        className="typo-normal"
      >
        <span>
          NAV har opplysninger om din pensjonsopptjening i en egen tjeneste.
        </span>
      </p>
    </div>
    <div
      className="linkbox__seksjon linkbox__lenke-container"
    >
      <p
        className="typo-normal"
      >
        <a
          className="lenke"
          href="https://tjenester.nav.no/pselv/publisering/dinpensjon.jsf"
          rel="noopener noreferrer"
          target="_blank"
        >
          <span>
            Gå til Din pensjon
          </span>
        </a>
      </p>
    </div>
  </div>
</div>
`;
