// Jest Snapshot v1, https://goo.gl/fbAQLP

exports[`render LinkBox with content 1`] = `
<div
  className="linkbox__container"
>
  <div
    className="linkbox__icon-container"
  >
    <img
      className="linkbox__icon"
    />
  </div>
  <div
    className="linkbox__content"
  >
    <button
      className="information-circle"
      onClick={[Function]}
      type="button"
    >
      <img
        alt="Information"
        src={[Function]}
      />
    </button>
    <p
      className="typo-ingress"
    >
      NAV har opplysninger om din pensjon i en egen tjeneste.
    </p>
    <p
      className="typo-ingress"
    >
      <a
        className="lenke"
        href="https://www.nav.no/no/Person/Pensjon/Hva+kan+jeg+fa+i+pensjon"
        rel="noopener noreferrer"
        target="_blank"
      >
        Gå til Din pensjon
      </a>
    </p>
    <div
      className="box-footer link-footer"
    >
      <p
        className="typo-undertekst"
      >
        Kilde: 
        Pensjonsregisteret
         
      </p>
    </div>
  </div>
</div>
`;
