// Jest Snapshot v1, https://goo.gl/fbAQLP

exports[`render Personalia with content 1`] = `
<div
  className="panel box"
>
  <div
    className="box__header"
  >
    <img
      alt=""
      className="box__icon"
      src="kvinne.svg"
    />
    <h2
      className="typo-systemtittel"
    >
      Personalia
    </h2>
    <hr
      className="box__linje-smal"
    />
    <p
      className="typo-ingress"
    >
      NAV må vite hvem du er og hvordan vi kan kontakte deg. Vi trenger også opplysninger for å kunne vurdere om du har krav på ytelser og tjenester fra NAV. For å kunne utbetale penger trenger vi kontonummeret ditt.
    </p>
    <hr
      className="box__linje-bred"
    />
  </div>
  <div
    className="box__content"
  >
    <ul
      className="list-column-2"
    >
      
      
      
      
      
      
      
      
      
    </ul>
    <div
      className="box-footer"
    >
      <span>
        Kilde: NAV, Folkeregisteret
      </span>
    </div>
  </div>
</div>
`;
