// Jest Snapshot v1, https://goo.gl/fbAQLP

exports[`render Personalia with content 1`] = `
<div
  className="BoxContainer"
>
  <div
    className="BoxWithHeader"
  >
    <h1>
      Personalia
    </h1>
    <div
      className="Box"
    >
      <ul
        className="personalia-list"
      >
        <li>
          <span
            className="title"
          >
            Fornavn
          </span>
          <span
            className="content"
          >
            Ole
          </span>
        </li>
        <li>
          <span
            className="title"
          >
            Etternavn
          </span>
          <span
            className="content"
          >
            Nordmann
          </span>
        </li>
        <li>
          <span
            className="title"
          >
            Fødselsnummer
          </span>
          <span
            className="content"
          >
            08048503978
          </span>
        </li>
        <li>
          <span
            className="title"
          >
            Utenlandsk ID
          </span>
          <span
            className="content"
          >
            x
          </span>
        </li>
        <li>
          <span
            className="title"
          >
            Telefon
          </span>
          <span
            className="content"
          >
            51515151
          </span>
        </li>
        <li>
          <span
            className="title"
          >
            Kontonummer
          </span>
          <span
            className="content"
          />
        </li>
        <li>
          <span
            className="title"
          >
            e-post
          </span>
          <span
            className="content"
          >
            x
          </span>
        </li>
        <li>
          <span
            className="title"
          >
            Språk
          </span>
          <span
            className="content"
          >
            Norsk
          </span>
        </li>
        <li>
          <span
            className="title"
          >
            Statsborgerskap
          </span>
          <span
            className="content"
          >
            Norsk
          </span>
        </li>
        <li>
          <span
            className="title"
          >
            Personstatus
          </span>
          <span
            className="content"
          >
            
          </span>
        </li>
        <li>
          <span
            className="title"
          >
            Fødested
          </span>
          <span
            className="content"
          >
            x
          </span>
        </li>
        <li>
          <span
            className="title"
          >
            Spesialregistrering
          </span>
          <span
            className="content"
          >
            12345678911
          </span>
        </li>
        <li>
          <span
            className="title"
          >
            Sivilstand
          </span>
          <span
            className="content"
          >
            Gift
          </span>
        </li>
        <li>
          <span
            className="title"
          >
            Sikkerhetstiltak
          </span>
          <span
            className="content"
          >
            Kun telefonkontakt
          </span>
        </li>
        <li>
          <span
            className="title"
          >
            Kjønn
          </span>
          <span
            className="content"
          >
            Mann
          </span>
        </li>
        <li>
          <span
            className="title"
          >
            Tilpasset kommunikasjon
          </span>
          <span
            className="content"
          >
            x
          </span>
        </li>
      </ul>
      <div
        className="box-footer"
      >
        Kilde: NAV, Skatteetaten, Folkeregisteret, Kontakt- og reservasjonsregisteret
      </div>
    </div>
  </div>
</div>
`;
