// Jest Snapshot v1, https://goo.gl/fbAQLP

exports[`render Postadresse with content 1`] = `
<div
  className="addresse__box"
>
  <h2
    className="typo-undertittel"
  >
    <span>
      Postadresse
    </span>
  </h2>
  <ul
    className="list-column-2"
  >
    <li>
      <p
        className="typo-element"
      >
        <span>
          Adresse
        </span>
      </p>
      <p
        className="typo-normal"
      >
        12345 HFJEF IQUFJ HFURHGHQBEUQ
      </p>
      <p
        className="typo-normal"
      >
        BATOOM LUNCHAGRAMA,GONGRUPEA,DD
      </p>
      <p
        className="typo-normal"
      >
        GGLAM,10000 HCAMGHU,THAILAND
      </p>
    </li>
    <li>
      <p
        className="typo-element"
      >
        <span>
          Postnummer
        </span>
      </p>
      <p
        className="typo-normal content "
      >
        9913
      </p>
    </li>
    <li>
      <p
        className="typo-element"
      >
        <span>
          Land
        </span>
      </p>
      <p
        className="typo-normal content "
      >
        THA
      </p>
    </li>
  </ul>
</div>
`;
