// Jest Snapshot v1, https://goo.gl/fbAQLP

exports[`render Postadresse with content 1`] = `
<div
  className="BoxContainer box-bottom-margin-small"
>
  <div
    className="BoxWithHeader"
  >
    <div
      className="icon-box-wrapper"
    >
      <div
        className="box-icon"
      >
        
      </div>
      <div
        className="Box"
      >
        <div
          className="address-box"
        >
          <h3
            className="address-type"
          >
            Postadresse
          </h3>
          <ul
            className="list-column-2"
          >
            <li
              className=""
            >
              <span
                className="title "
              >
                <span>
                  Adresse
                </span>
              </span>
              <span
                className="content "
              >
                12345 HFJEF IQUFJ HFURHGHQBEUQBATOOM LUNCHAGRAMA,GONGRUPEA,DDGGLAM,10000 HCAMGHU,THAILAND
              </span>
            </li>
            <li
              className=""
            >
              <span
                className="title "
              >
                <span>
                  Postnummer
                </span>
              </span>
              <span
                className="content "
              >
                9913
              </span>
            </li>
            <li
              className=""
            >
              <span
                className="title "
              >
                <span>
                  Land
                </span>
              </span>
              <span
                className="content "
              >
                THA
              </span>
            </li>
          </ul>
        </div>
      </div>
    </div>
  </div>
</div>
`;
