// Jest Snapshot v1, https://goo.gl/fbAQLP

exports[`render Postadresse with content 1`] = `
<div
  className="addresse__box"
>
  <hr
    className="box__linje-bred"
  />
  <div
    className="addresse__tittel"
  >
    <h2
      className="typo-undertittel"
    >
      <span>
        Postadresse
      </span>
    </h2>
  </div>
  <div
    className="adresse__linje"
  >
    <p
      className="typo-normal"
    >
      12345 HFJEF IQUFJ HFURHGHQBEUQ
    </p>
  </div>
  <div
    className="adresse__linje"
  >
    <p
      className="typo-normal"
    >
      BATOOM LUNCHAGRAMA,GONGRUPEA,DD
    </p>
  </div>
  <div
    className="adresse__linje"
  >
    <p
      className="typo-normal"
    >
      GGLAM,10000 HCAMGHU,THAILAND
    </p>
  </div>
  <div
    className="adresse__linje"
  >
    <p
      className="typo-normal"
    >
      9913
       
    </p>
  </div>
  <div
    className="adresse__linje"
  >
    <p
      className="typo-normal"
    >
      THA
    </p>
  </div>
  <div
    className="kilde__container"
  >
    <p
      className="typo-undertekst"
    >
      <span>
        Kilde: Folkeregisteret
      </span>
    </p>
    <a
      className="lenke"
      href="https://www.skatteetaten.no/person/folkeregister/"
    >
      <p
        className="typo-normal"
      >
        <span>
          Endre hos Folkeregisteret
        </span>
      </p>
    </a>
  </div>
</div>
`;
